// Jest Snapshot v1, https://goo.gl/fbAQLP

exports[`Register Component should match the snapshot 1`] = `
<div
  className="register-body"
>
  <div
    className="register_title"
  >
    Foxticket
  </div>
  <div
    className="register_container"
  >
    <form
      onSubmit={[Function]}
    >
      <input
        id="email"
        name="email"
        onChange={[Function]}
        placeholder="Email"
        required={true}
        type="email"
        value=""
      />
      <input
        id="name"
        name="name"
        onChange={[Function]}
        placeholder="Username"
        required={true}
        type="text"
        value=""
      />
      <input
        id="password"
        name="password"
        onChange={[Function]}
        placeholder="Password"
        required={true}
        type="password"
        value=""
      />
      <input
        id="confirm"
        name="confirm"
        onChange={[Function]}
        placeholder="Confirm password"
        required={true}
        type="password"
        value=""
      />
      <button
        className="register_btn"
      >
        Register
      </button>
    </form>
  </div>
</div>
`;
