// Jest Snapshot v1, https://goo.gl/fbAQLP

exports[`first snapshot of Login 1`] = `
<div
  className="login-body"
>
  <div
    className="login_title"
  >
    Foxticket
  </div>
  <div
    className="login_container"
  >
    <form
      onSubmit={[Function]}
    >
      <input
        className="input-green"
        id="username"
        name="username"
        onChange={[Function]}
        placeholder="Username"
        required={true}
        type="text"
      />
      <input
        className="input-green"
        id="password"
        name="password"
        onChange={[Function]}
        placeholder="Password"
        required={true}
        type="password"
      />
      <p
        className=" isValid"
        style={
          Object {
            "color": "green",
          }
        }
      >
        Username or Password is incorrect
        <svg
          color="red"
          fill="currentColor"
          height="1.5em"
          size="1.5em"
          stroke="currentColor"
          strokeWidth="0"
          style={
            Object {
              "color": "red",
            }
          }
          viewBox="0 0 576 512"
          width="1.5em"
          xmlns="http://www.w3.org/2000/svg"
        >
          <path
            d="M569.517 440.013C587.975 472.007 564.806 512 527.94 512H48.054c-36.937 0-59.999-40.055-41.577-71.987L246.423 23.985c18.467-32.009 64.72-31.951 83.154 0l239.94 416.028zM288 354c-25.405 0-46 20.595-46 46s20.595 46 46 46 46-20.595 46-46-20.595-46-46-46zm-43.673-165.346l7.418 136c.347 6.364 5.609 11.346 11.982 11.346h48.546c6.373 0 11.635-4.982 11.982-11.346l7.418-136c.375-6.874-5.098-12.654-11.982-12.654h-63.383c-6.884 0-12.356 5.78-11.981 12.654z"
          />
        </svg>
      </p>
      <i
        className="fas fa-exclamation-triangle"
      />
      <a
        className="login_register"
        exact={true}
        href="/register"
        onClick={[Function]}
      >
        REGISTER
      </a>
      <button
        className="login_btn"
      >
        Login
      </button>
    </form>
  </div>
</div>
`;
