// Jest Snapshot v1, https://goo.gl/fbAQLP

exports[`Test Button component should render Button component 1`] = `
<button
  className="btn btn--primary--solid btn--medium"
/>
`;
