// Jest Snapshot v1, https://goo.gl/fbAQLP

exports[`expect to render Main Features component 1`] = `ShallowWrapper {}`;
